---
source: tests/presenter.rs
expression: "render(&help_state(), 100, 24)"
---
"┌r─────────────────────────────────────┐┌main.rs───────────────────────────────────────────────────┐"
"│  ▾ src    ┌Help: What's New  ▶ About─────────────────────────────────────────────────┐           │"
"│M   main.rs│                                                                          │           │"
"│    ▾ inner│                             Herdr File Viewer                            │           │"
"│A     added│                    A git-aware, read-only file viewer                    │           │"
"│  README.md│                                                                          │           │"
"│D gone.txt │                   github.com/smarzban/herdr-file-viewer                  │           │"
"│? scratch.l│                                                                          │           │"
"│           │                            v1.7.0 · Up to date                           │           │"
"│           │                                MIT License                               │           │"
"│           │                                                                          │           │"
"│           │   If you enjoy the file viewer, don't forget to give it a ★ on GitHub!   │           │"
"│           │                                                                          │           │"
"│           │                                                                          │           │"
"│           │                                                                          │           │"
"│           │                                                                          │           │"
"│           │                                                                          │           │"
"│           │                                                                          │           │"
"│           │                                                                          │           │"
"│           │                                                                          │           │"
"│           │                                                                          │           │"
"│           │                                                                          │           │"
"│           └───────────────────────Tab/←→ switch · Esc/q close────────────────────────┘           │"
"└──────────────────────────────────────┘└────────────────────────────────────────────────────? help┘"
