---
source: tests/presenter.rs
assertion_line: 2714
expression: "render(&line_select_state(4, 2, 4), 100, 24)"
---
"┌r─────────────────────────────────────┐┌main.rs───────────────────────────────────────────────────┐"
"│  ▾ src                               ││ line one                                                 │"
"│M   main.rs                           │││line two                                                 │"
"│    ▾ inner                           │││line three                                               │"
"│A     added.rs                        ││▶line four                                                │"
"│  README.md                           ││ line five                                                │"
"│D gone.txt                            ││ line six                                                 │"
"│? scratch.log                         ││                                                          │"
"│                                      ││                                                          │"
"│                                      ││                                                          │"
"│                                      ││                                                          │"
"│                                      ││                                                          │"
"│                                      ││                                                          │"
"│                                      ││                                                          │"
"│                                      ││                                                          │"
"│                                      ││                                                          │"
"│                                      ││                                                          │"
"│                                      ││                                                          │"
"│                                      ││                                                          │"
"│                                      ││                                                          │"
"│                                      ││                                                          │"
"│                                      ││                                                          │"
"│                                      ││                                                          │"
"└──────────────────────────────────────┘└────────────────────────────────────────────────────? help┘"
