---
source: tests/presenter.rs
expression: "render(&state, 60, 14)"
---
"┌r─────────────────────────────────────────────────────────┐"
"│● ▾ changed                                               │"
"│M   a.rs                                                  │"
"│A   b.rs                                                  │"
"│  ▸ clean                                                 │"
"│D gone.txt                                                │"
"│? scratch.log                                             │"
"│                                                          │"
"│                                                          │"
"│                                                          │"
"│                                                          │"
"│                                                          │"
"│                                                          │"
"└──────────────────────────────────────────────────────────┘"
