---
source: tests/presenter_pinned.rs
expression: output
---
"┌Pinned: pinned.rs [review @ /worktrees/review]────────────┐"
"│PINNED                                                    │"
"│                                                          │"
"│                                                          │"
"│                                                          │"
"│                                                          │"
"│                                                          │"
"│                                                          │"
"│                                                          │"
"│                                                          │"
"│                                                          │"
"└──────────────────────────────────────────────────────────┘"
