---
source: tests/presenter.rs
expression: "render(&help_state(), 100, 24)"
---
"┌r─────────────────────────────────────┐┌main.rs───────────────────────────────────────────────────┐"
"│  ▾ src    ┌Help: What's New  About───────────────────────────────────────────────────┐           │"
"│M   main.rs│                                                                          │           │"
"│    ▾ inner│ herdr-file-viewer v1.5.0                                                 │           │"
"│A     added│ A git-aware, read-only file viewer                                       │           │"
"│  README.md│ Repository: https://github.com/smarzban/herdr-file-viewer                │           │"
"│D gone.txt │ License: MIT                                                             │           │"
"│? scratch.l│ Up to date                                                               │           │"
"│           │                                                                          │           │"
"│           │                                                                          │           │"
"│           │                                                                          │           │"
"│           │                                                                          │           │"
"│           │                                                                          │           │"
"│           │                                                                          │           │"
"│           │                                                                          │           │"
"│           │                                                                          │           │"
"│           │                                                                          │           │"
"│           │                                                                          │           │"
"│           │                                                                          │           │"
"│           │                                                                          │           │"
"│           │                                                                          │           │"
"│           │                                                                          │           │"
"│           └───────────────────────Tab/←→ switch · Esc/q close────────────────────────┘           │"
"└──────────────────────────────────────┘└──────────────────────────────────────────────────────────┘"
